set client_min_messages = 'warning';
\set VERBOSITY 'terse'
--
-- tables
--
create table testdata (
    id serial primary key,
    txt text
);
create table testdata_nopk (
    id serial,
    txt text
);
select current_database();
 current_database 
------------------
 regression
(1 row)

select * from pgq_node.register_location('aset', 'rnode', 'dbname=db', false);
 ret_code |      ret_note       
----------+---------------------
      200 | Location registered
(1 row)

select * from pgq_node.create_node('aset', 'root', 'rnode', 'londiste_root', null::text, null::int8, null::text);
 ret_code |                          ret_note                          
----------+------------------------------------------------------------
      200 | Node "rnode" initialized for queue "aset" with type "root"
(1 row)

select * from londiste.local_add_table('aset', 'public.testdata_nopk');
 ret_code |                      ret_note                      
----------+----------------------------------------------------
      400 | Primary key missing on table: public.testdata_nopk
(1 row)

select * from londiste.local_add_table('aset', 'public.testdata');
 ret_code |           ret_note           
----------+------------------------------
      200 | Table added: public.testdata
(1 row)

select tgname from pg_trigger where tgrelid = 'public.testdata'::regclass order by 1;
         tgname          
-------------------------
 _londiste_aset
 _londiste_aset_truncate
(2 rows)

insert into testdata (txt) values ('test-data');
select * from londiste.get_table_list('aset');
   table_name    | local | merge_state | custom_snapshot | table_attrs | dropped_ddl | copy_role 
-----------------+-------+-------------+-----------------+-------------+-------------+-----------
 public.testdata | t     | ok          |                 |             |             | 
(1 row)

select * from londiste.local_show_missing('aset');
 obj_kind |          obj_name           
----------+-----------------------------
 S        | public.testdata_id_seq
 S        | public.testdata_nopk_id_seq
 r        | public.testdata_nopk
(3 rows)

select * from londiste.local_remove_table('aset', 'public.testdata');
 ret_code |            ret_note            
----------+--------------------------------
      200 | Table removed: public.testdata
(1 row)

select * from londiste.local_remove_table('aset', 'public.testdata');
 ret_code |             ret_note             
----------+----------------------------------
      400 | Table not found: public.testdata
(1 row)

select tgname from pg_trigger where tgrelid = 'public.testdata'::regclass;
 tgname 
--------
(0 rows)

select * from londiste.get_table_list('aset');
 table_name | local | merge_state | custom_snapshot | table_attrs | dropped_ddl | copy_role 
------------+-------+-------------+-----------------+-------------+-------------+-----------
(0 rows)

select ev_id, ev_type, ev_data, ev_extra1 from pgq.event_template;
 ev_id |        ev_type        |              ev_data              |    ev_extra1    
-------+-----------------------+-----------------------------------+-----------------
     1 | londiste.add-table    | public.testdata                   | 
     2 | I                     | (id,txt) values ('1','test-data') | public.testdata
     3 | londiste.remove-table | public.testdata                   | 
(3 rows)

select * from londiste.local_show_missing('aset');
 obj_kind |          obj_name           
----------+-----------------------------
 S        | public.testdata_id_seq
 S        | public.testdata_nopk_id_seq
 r        | public.testdata
 r        | public.testdata_nopk
(4 rows)

-- trigtest
create table trg_test (
    id int4 primary key,
    txt text
);
select * from londiste.local_add_table('aset', 'public.trg_test', array['ev_extra4=''test='' || txt']);
 ret_code |           ret_note           
----------+------------------------------
      200 | Table added: public.trg_test
(1 row)

insert into trg_test values (1, 'data');
truncate trg_test;
select ev_id, ev_type, ev_data, ev_extra1, ev_extra4 from pgq.event_template where ev_extra1 = 'public.trg_test';
 ev_id | ev_type |           ev_data            |    ev_extra1    | ev_extra4 
-------+---------+------------------------------+-----------------+-----------
     5 | I       | (id,txt) values ('1','data') | public.trg_test | test=data
     6 | R       |                              | public.trg_test | 
(2 rows)

